package test

import androidx.compose.runtime.Composable
import androidx.compose.runtime.NonRestartableComposable
import dependency.ContentImpl

@Composable
@NonRestartableComposable
fun Foo() {
    ContentImpl().setContent()
}
/********
 * TRANSFORMED
 ********/

@Composable
@NonRestartableComposable
fun Foo(%composer: Composer?, %changed: Int) {
  %composer.startReplaceableGroup(<>)
  sourceInformation(%composer, "C(Foo):Test.kt#2487m")
  if (isTraceInProgress()) {
    traceEventStart(<>, %changed, -1, <>)
  }
  ContentImpl().setContent()
  if (isTraceInProgress()) {
    traceEventEnd()
  }
  %composer.endReplaceableGroup()
}
