import androidx.compose.runtime.Composable
import androidx.compose.runtime.ReadOnlyComposable
import androidx.compose.runtime.key
import androidx.compose.runtime.NonRestartableComposable


@NonRestartableComposable @Composable
fun Example(x: Int) {
    while(x > 0) {
        key(R()) {
            A()
        }
    }
}

/********
 * TRANSFORMED
 ********/

@NonRestartableComposable
@Composable
fun Example(x: Int, %composer: Composer?, %changed: Int) {
  %composer.startReplaceableGroup(<>)
  sourceInformation(%composer, "C(Example)*<R()>:Test.kt")
  if (isTraceInProgress()) {
    traceEventStart(<>, %changed, -1, <>)
  }
  while (x > 0) {
    %composer.startMovableGroup(<>, R(%composer, 0))
    sourceInformation(%composer, "<A()>")
    A(%composer, 0)
    %composer.endMovableGroup()
  }
  if (isTraceInProgress()) {
    traceEventEnd()
  }
  %composer.endReplaceableGroup()
}
