import androidx.compose.runtime.Composable
import androidx.compose.runtime.ReadOnlyComposable
import androidx.compose.runtime.key
import androidx.compose.runtime.NonRestartableComposable


@NonRestartableComposable @Composable
fun Example(x: Int) {
    // Only one composable call in the result blocks, so we can just generate
    // a single group around the whole expression.
    if (x > 0) {
        A()
    }
}

/********
 * TRANSFORMED
 ********/

@NonRestartableComposable
@Composable
fun Example(x: Int, %composer: Composer?, %changed: Int) {
  %composer.startReplaceableGroup(<>)
  sourceInformation(%composer, "C(Example)<A()>:Test.kt")
  if (isTraceInProgress()) {
    traceEventStart(<>, %changed, -1, <>)
  }
  if (x > 0) {
    A(%composer, 0)
  }
  if (isTraceInProgress()) {
    traceEventEnd()
  }
  %composer.endReplaceableGroup()
}
