//
// Source
// ------------------------------------------

import androidx.compose.runtime.Composable
import androidx.compose.runtime.ReadOnlyComposable
import androidx.compose.runtime.key
import androidx.compose.runtime.NonRestartableComposable


@NonRestartableComposable @Composable
fun Example(x: Int) {
    while (x > 0) {
        key(x) {
            A(a)
        }
        A(b)
    }
}

//
// Transformed IR
// ------------------------------------------

@NonRestartableComposable
@Composable
fun Example(x: Int, %composer: Composer?, %changed: Int) {
  %composer.startReplaceableGroup(<>)
  sourceInformation(%composer, "C(Example)*<A(b)>:Test.kt")
  if (isTraceInProgress()) {
    traceEventStart(<>, %changed, -1, <>)
  }
  while (x > 0) {
    %composer.startMovableGroup(<>, x)
    sourceInformation(%composer, "<A(a)>")
    A(a, %composer, 0)
    %composer.endMovableGroup()
    A(b, %composer, 0)
  }
  if (isTraceInProgress()) {
    traceEventEnd()
  }
  %composer.endReplaceableGroup()
}
