import androidx.compose.runtime.Composable
import androidx.compose.runtime.ReadOnlyComposable
import androidx.compose.runtime.key
import androidx.compose.runtime.NonRestartableComposable


@NonRestartableComposable @Composable
fun Example(x: Int) {
    A(a)
    key(x) {
        A(b)
    }
}

/********
 * TRANSFORMED
 ********/

@NonRestartableComposable
@Composable
fun Example(x: Int, %composer: Composer?, %changed: Int) {
  %composer.startReplaceableGroup(<>)
  sourceInformation(%composer, "C(Example)<A(a)>:Test.kt")
  if (isTraceInProgress()) {
    traceEventStart(<>, %changed, -1, <>)
  }
  A(a, %composer, 0)
  %composer.startMovableGroup(<>, x)
  sourceInformation(%composer, "<A(b)>")
  A(b, %composer, 0)
  %composer.endMovableGroup()
  if (isTraceInProgress()) {
    traceEventEnd()
  }
  %composer.endReplaceableGroup()
}
