//
// Source
// ------------------------------------------

import a.*
import androidx.compose.runtime.Composable

@Composable fun A(y: Any) {
    used(y)
    A(Wrapper(Foo()))
}

//
// Transformed IR
// ------------------------------------------

@Composable
fun A(y: Any, %composer: Composer?, %changed: Int) {
  %composer = %composer.startRestartGroup(<>)
  sourceInformation(%composer, "C(A)<A(Wrap...>:Test.kt")
  if (isTraceInProgress()) {
    traceEventStart(<>, %changed, -1, <>)
  }
  used(y)
  A(Wrapper(Foo()), %composer, Wrapper.%stable)
  if (isTraceInProgress()) {
    traceEventEnd()
  }
  %composer.endRestartGroup()?.updateScope { %composer: Composer?, %force: Int ->
    A(y, %composer, updateChangedFlags(%changed or 0b0001))
  }
}
