import androidx.compose.runtime.Composable
import androidx.compose.runtime.remember


@Composable
fun Test() {
    val foo = remember { Foo() }
    val bar = remember { Foo() }
    A()
    val bam = remember { Foo() }
}

/********
 * TRANSFORMED
 ********/

@Composable
fun Test(%composer: Composer?, %changed: Int) {
  %composer = %composer.startRestartGroup(<>)
  sourceInformation(%composer, "C(Test):Test.kt")
  if (%changed != 0 || !%composer.skipping) {
    if (isTraceInProgress()) {
      traceEventStart(<>, %changed, -1, <>)
    }
    val foo = <block>{
      %composer.startReplaceableGroup(<>)
      sourceInformation(%composer, "C(Test)<A()>:Test.kt")
      val tmp0_group = %composer.cache(false) {
        Foo()
      }
      %composer.endReplaceableGroup()
      tmp0_group
    }
    val bar = <block>{
      %composer.startReplaceableGroup(<>)
      sourceInformation(%composer, "C(Test):Test.kt")
      val tmp1_group = %composer.cache(false) {
        Foo()
      }
      %composer.endReplaceableGroup()
      tmp1_group
    }
    A(%composer, 0)
    val bam = <block>{
      %composer.startReplaceableGroup(<>)
      sourceInformation(%composer, "C(Test):Test.kt")
      val tmp2_group = %composer.cache(false) {
        Foo()
      }
      %composer.endReplaceableGroup()
      tmp2_group
    }
    if (isTraceInProgress()) {
      traceEventEnd()
    }
  } else {
    %composer.skipToGroupEnd()
  }
  %composer.endRestartGroup()?.updateScope { %composer: Composer?, %force: Int ->
    Test(%composer, updateChangedFlags(%changed or 0b0001))
  }
}
