//
// Source
// ------------------------------------------

import androidx.compose.runtime.Composable
import androidx.compose.runtime.remember


import androidx.compose.runtime.NonRestartableComposable

@Composable
@NonRestartableComposable
fun app(x: Boolean) {
    val a = if (x) { remember { 1 } } else { 2 }
    val b = remember { 2 }
}

//
// Transformed IR
// ------------------------------------------

@Composable
@NonRestartableComposable
fun app(x: Boolean, %composer: Composer?, %changed: Int) {
  %composer.startReplaceableGroup(<>)
  sourceInformation(%composer, "C(app):Test.kt")
  if (isTraceInProgress()) {
    traceEventStart(<>, %changed, -1, <>)
  }
  val a = <block>{
    %composer.startReplaceableGroup(<>)
    val tmp1_group = if (x) {
      %composer.startReplaceableGroup(<>)
      sourceInformation(%composer, "C(app):Test.kt")
      val tmp0_group = %composer.cache(false) {
        1
      }
      %composer.endReplaceableGroup()
      tmp0_group
    } else {
      2
    }
    %composer.endReplaceableGroup()
    tmp1_group
  }
  val b = <block>{
    %composer.startReplaceableGroup(<>)
    sourceInformation(%composer, "C(app):Test.kt")
    val tmp2_group = %composer.cache(false) {
      2
    }
    %composer.endReplaceableGroup()
    tmp2_group
  }
  if (isTraceInProgress()) {
    traceEventEnd()
  }
  %composer.endReplaceableGroup()
}
