//
// Source
// ------------------------------------------

import androidx.compose.runtime.*

val content: @Composable (a: SomeUnstableClass) -> Unit = {
    for (index in 0 until count) {
        val i = remember { index }
    }
    val a = remember { 1 }
}

//
// Transformed IR
// ------------------------------------------

val content: Function3<@[ParameterName(name = 'a')] SomeUnstableClass, Composer, Int, Unit> = ComposableSingletons%TestKt.lambda-1
internal object ComposableSingletons%TestKt {
  val lambda-1: Function3<@[ParameterName(name = 'a')] SomeUnstableClass, Composer, Int, Unit> = composableLambdaInstance(<>, false) { it: @[ParameterName(name = 'a')] SomeUnstableClass, %composer: Composer?, %changed: Int ->
    sourceInformation(%composer, "C:Test.kt")
    if (isTraceInProgress()) {
      traceEventStart(<>, %changed, -1, <>)
    }
    %composer.startReplaceableGroup(<>)
    val <iterator> = 0 until count.iterator()
    while (<iterator>.hasNext()) {
      val index = <iterator>.next()
      val i = <block>{
        %composer.startReplaceableGroup(<>)
        val tmp0_group = %composer.cache(false) {
          index
        }
        %composer.endReplaceableGroup()
        tmp0_group
      }
    }
    %composer.endReplaceableGroup()
    val a = <block>{
      %composer.startReplaceableGroup(<>)
      val tmp1_group = %composer.cache(false) {
        1
      }
      %composer.endReplaceableGroup()
      tmp1_group
    }
    if (isTraceInProgress()) {
      traceEventEnd()
    }
  }
}
