import androidx.compose.runtime.Composable
import androidx.compose.runtime.NonRestartableComposable
import androidx.compose.runtime.ReadOnlyComposable


@Composable fun Unstable.Test() {
    doSomething(this) // does this reference %dirty without %dirty
}

@Composable fun doSomething(x: Unstable) {}

/********
 * TRANSFORMED
 ********/

@Composable
fun Unstable.Test(%composer: Composer?, %changed: Int) {
  %composer = %composer.startRestartGroup(<>)
  sourceInformation(%composer, "C(Test)<doSome...>:Test.kt")
  val %dirty = %changed
  if (%changed and 0b1110 == 0) {
    %dirty = %dirty or if (%composer.changed(<this>)) 0b0100 else 0b0010
  }
  if (%dirty and 0b1011 != 0b0010 || !%composer.skipping) {
    if (isTraceInProgress()) {
      traceEventStart(<>, %dirty, -1, <>)
    }
    doSomething(<this>, %composer, 0b1110 and %dirty)
    if (isTraceInProgress()) {
      traceEventEnd()
    }
  } else {
    %composer.skipToGroupEnd()
  }
  %composer.endRestartGroup()?.updateScope { %composer: Composer?, %force: Int ->
    Test(%composer, updateChangedFlags(%changed or 0b0001))
  }
}
@Composable
fun doSomething(x: Unstable, %composer: Composer?, %changed: Int) {
  %composer = %composer.startRestartGroup(<>)
  sourceInformation(%composer, "C(doSomething):Test.kt")
  if (%changed and 0b0001 != 0 || !%composer.skipping) {
    if (isTraceInProgress()) {
      traceEventStart(<>, %changed, -1, <>)
    }
    if (isTraceInProgress()) {
      traceEventEnd()
    }
  } else {
    %composer.skipToGroupEnd()
  }
  %composer.endRestartGroup()?.updateScope { %composer: Composer?, %force: Int ->
    doSomething(x, %composer, updateChangedFlags(%changed or 0b0001))
  }
}
